<html>
<body>
<pre>
<h1>µVision Build Log</h1>
<h2>Tool Versions:</h2>
IDE-Version: ¦ÌVision V5.38.0.0
Copyright (C) 2022 ARM Ltd and ARM Germany GmbH. All rights reserved.
License Information: 1 ¶÷, 1, LIC=03C6R-KXFTT-Z9BG9-4J3XF-L92MI-J3G55
 
Tool Versions:
Toolchain:       MDK-ARM Plus  Version: 5.38.0.0
Toolchain Path:  D:\kill 5\ARM\ARMCC\Bin
C Compiler:      Armcc.exe V5.05 update 1 (build 106)
Assembler:       Armasm.exe V5.05 update 1 (build 106)
Linker/Locator:  ArmLink.exe V5.05 update 1 (build 106)
Library Manager: ArmAr.exe V5.05 update 1 (build 106)
Hex Converter:   FromElf.exe V5.05 update 1 (build 106)
CPU DLL:         SARMCM3.DLL V5.38.0.0
Dialog DLL:      DCM.DLL V1.17.5.0
Target DLL:      STLink\ST-LINKIII-KEIL_SWO.dll V3.1.0.0
Dialog DLL:      TCM.DLL V1.56.4.0
 
<h2>Project:</h2>
E:\Project\CRAIC\team\robot\robot\stm_control\Stm32_Control\MDK-ARM\Stm32_Control.uvprojx
Project File Date:  04/27/2023

<h2>Output:</h2>
*** Using Compiler 'V5.05 update 1 (build 106)', folder: 'D:\kill 5\ARM\ARMCC\Bin'
Build target 'Stm32_Control'
compiling debug_uart.c...
..\Devices\Debug\debug_uart.c(22): warning:  #223-D: function "strlen" declared implicitly
  	HAL_UART_Transmit(&huart1, (uint8_t*)str, strlen(str), HAL_MAX_DELAY);
..\Devices\Debug\debug_uart.c(26): warning:  #223-D: function "strlen" declared implicitly
  	HAL_UART_Transmit(&huart2, (uint8_t*)str, strlen(str), HAL_MAX_DELAY);
..\Devices\Debug\debug_uart.c(142): warning:  #223-D: function "strstr" declared implicitly
  		}else if(NULL != strstr(uartRxBuffer,"RESET"))
..\Devices\Debug\debug_uart.c(149): warning:  #223-D: function "atoi" declared implicitly
  			DEBUG("Mode=%c,MotorNum=0x%x,Dic=0x%x,pwm=%d\r\n",uartRxBuffer[0],uartRxBuffer[1],uartRxBuffer[2],atoi(&uartRxBuffer[3]));
..\Devices\Debug\debug_uart.c(150): warning:  #223-D: function "atoi" declared implicitly
  			test_motor(uartRxBuffer[0],(MOTOR_NUM)(uartRxBuffer[1]-0x30),(DIRECT_MOTOR)(uartRxBuffer[2]-0x30),atoi(&uartRxBuffer[3]));
..\Devices\Debug\debug_uart.c(212): warning:  #1-D: last line of file ends without a newline
  }
..\Devices\Debug\debug_uart.c: 6 warnings, 0 errors
compiling main.c...
../Src/main.c(275): warning:  #223-D: function "Start_Main_Loop" declared implicitly
    Start_Main_Loop();
../Src/main.c(293): warning:  #223-D: function "check_tim6_status" declared implicitly
  		if(check_tim6_status() == 1)//10ms-->100MHZ
../Src/main.c: 2 warnings, 0 errors
linking...
Program Size: Code=32548 RO-data=4124 RW-data=272 ZI-data=2144  
FromELF: creating hex file...
"Stm32_Control\Stm32_Control.axf" - 0 Error(s), 8 Warning(s).

<h2>Software Packages used:</h2>

Package Vendor: ARM
                http://www.keil.com/pack/ARM.CMSIS.5.9.0.pack
                ARM.CMSIS.5.9.0
                CMSIS (Common Microcontroller Software Interface Standard)
   * Component: CORE Version: 5.6.0

Package Vendor: Keil
                http://www.keil.com/pack/Keil.STM32F1xx_DFP.1.0.5.pack
                Keil.STM32F1xx_DFP.1.0.5
                STMicroelectronics STM32F1 Series Device Support, Drivers and Examples

<h2>Collection of Component include folders:</h2>
  ./RTE/_Stm32_Control
  D:/kill 5/ARM/CMSIS/5.9.0/CMSIS/Core/Include
  D:/kill 5/Keil/STM32F1xx_DFP/1.0.5/Device/Include

<h2>Collection of Component Files used:</h2>

   * Component: ARM::CMSIS:CORE:5.6.0
      Include file:  CMSIS/Core/Include/tz_context.h
Build Time Elapsed:  00:00:01
</pre>
</body>
</html>
